// Jest Snapshot v1, https://goo.gl/fbAQLP

exports[`RstyButton.vue button has attribute disabled when disabled set 1`] = `<button type="button" disabled="disabled" class="button outline-none active:outline-none focus:outline-none py-2 px-3 border rounded items-center font-bold transition duration-50 ease-in-out transform active:scale-98 bg-gray-200 border-gray-300 text-gray-400 cursor-default cursor-not-allowed active:scale-100 button--disabled inline-flex"></button>`;

exports[`RstyButton.vue has default structure and classes 1`] = `<button type="button" class="button outline-none active:outline-none focus:outline-none py-2 px-3 border rounded items-center font-bold transition duration-50 ease-in-out transform active:scale-98 bg-gray-100 border-gray-500 text-gray-600 inline-flex"></button>`;

exports[`RstyButton.vue link disabled should have href="#" and role="button" 1`] = `<a href="#" role="button" class="button outline-none active:outline-none focus:outline-none py-2 px-3 border rounded items-center font-bold transition duration-50 ease-in-out transform active:scale-98 bg-gray-100 border-gray-500 text-gray-600 inline-flex"></a>`;

exports[`RstyButton.vue link with href="#" should have role="button" 1`] = `<a href="#" role="button" class="button outline-none active:outline-none focus:outline-none py-2 px-3 border rounded items-center font-bold transition duration-50 ease-in-out transform active:scale-98 bg-gray-100 border-gray-500 text-gray-600 inline-flex"></a>`;

exports[`RstyButton.vue renders a link when href provided 1`] = `<a href="/foo/bar" class="button outline-none active:outline-none focus:outline-none py-2 px-3 border rounded items-center font-bold transition duration-50 ease-in-out transform active:scale-98 bg-gray-100 border-gray-500 text-gray-600 inline-flex"></a>`;

exports[`RstyButton.vue renders default slot content 1`] = `<button type="button" class="button outline-none active:outline-none focus:outline-none py-2 px-3 border rounded items-center font-bold transition duration-50 ease-in-out transform active:scale-98 bg-gray-100 border-gray-500 text-gray-600 inline-flex"><span>foobar</span></button>`;

exports[`RstyButton.vue toMatchSnapshot 1`] = `<button type="button" class="button outline-none active:outline-none focus:outline-none py-2 px-3 border rounded items-center font-bold transition duration-50 ease-in-out transform active:scale-98 bg-gray-100 border-gray-500 text-gray-600 inline-flex"></button>`;
